// Jest Snapshot v1, https://goo.gl/fbAQLP

exports[`Form matches snapshot 1`] = `
<form
  className="form-inline"
  onSubmit={[Function]}
>
  <div
    className="form-group"
  >
    <input
      className="form-control"
      onChange={[Function]}
      placeholder="City"
      type="text"
      value=""
    />
  </div>
  <button
    className="btn btn-default"
    disabled={true}
    type="submit"
  >
    Search
  </button>
</form>
`;
